
> backend@1.0.0 build
> tsc

src/controllers/leadController.ts(6,28): error TS2306: File 'C:/Users/vjjai/Desktop/freelancing/houseplan/NexaflowBackend/src/config/queue.ts' is not a module.
src/server.ts(16,33): error TS2306: File 'C:/Users/vjjai/Desktop/freelancing/houseplan/NexaflowBackend/src/config/queue.ts' is not a module.
