src/controllers/authController.ts(22,37): error TS2352: Conversion of type 'ObjectId' to type 'string' may be a mistake because neither type sufficiently overlaps with the other. If this was intentional, convert the expression to 'unknown' first.
src/controllers/authController.ts(48,41): error TS2352: Conversion of type 'ObjectId' to type 'string' may be a mistake because neither type sufficiently overlaps with the other. If this was intentional, convert the expression to 'unknown' first.
src/routes/webhookRoutes.ts(28,22): error TS2339: Property 'subscriptionStatus' does not exist on type 'Document<unknown, {}, IUser, {}, DefaultSchemaOptions> & IUser & Required<{ _id: ObjectId; }> & { __v: number; } & { ...; }'.
src/routes/webhookRoutes.ts(29,22): error TS2339: Property 'expiresAt' does not exist on type 'Document<unknown, {}, IUser, {}, DefaultSchemaOptions> & IUser & Required<{ _id: ObjectId; }> & { __v: number; } & { ...; }'.
src/server.ts(55,12): error TS2769: No overload matches this call.
  Overload 1 of 6, '(port: number, hostname: string, backlog: number, callback?: ((error?: Error | undefined) => void) | undefined): Server<typeof IncomingMessage, typeof ServerResponse>', gave the following error.
    Argument of type 'string | 5000' is not assignable to parameter of type 'number'.
      Type 'string' is not assignable to type 'number'.
  Overload 2 of 6, '(port: number, hostname: string, callback?: ((error?: Error | undefined) => void) | undefined): Server<typeof IncomingMessage, typeof ServerResponse>', gave the following error.
    Argument of type 'string | 5000' is not assignable to parameter of type 'number'.
      Type 'string' is not assignable to type 'number'.
src/services/twilioService.ts(13,53): error TS2379: Argument of type '{ body: string; from: string | undefined; to: string; }' is not assignable to parameter of type 'MessageListInstanceCreateOptions' with 'exactOptionalPropertyTypes: true'. Consider adding 'undefined' to the types of the target's properties.
  Types of property 'from' are incompatible.
    Type 'string | undefined' is not assignable to type 'string'.
      Type 'undefined' is not assignable to type 'string'.
src/services/twilioService.ts(44,13): error TS2322: Type 'string | undefined' is not assignable to type 'string'.
  Type 'undefined' is not assignable to type 'string'.
